b_num_exp.png
b_num_gold.png
b_num_honor.png
b_num_xh.png
barbao.png
barexp.png
barwof.png
beginfight.png
blackhollow.png
mengcong.png
num_circle.png
num_exp.png
num_gold.png
num_goods1.png
num_goods2.png
num_goods3.png
num_honor.png
num_hurt.png
num_hurt1.png
num_jh.png
num_leveling.png
num_lv.png
num_lvtip.png
num_mh.png
num_myhurt.png
num_renew1.png
num_task.png
num_xh.png
num_xuh.png
num_zdl.png
num_zhh.png
touchlock.png
xgn_dhry.png
xgn_hd.png
xgn_jn.png
xgn_ls.png
xgn_mbdz.png
xgn_misj.png
xgn_qc.png
xgn_sl.png
xgn_sxzy.png
xgn_zbsx.png
xgn_zbzl.png
xgn_zp.png
global_goods1.png
global_goods2.png
global_goods3.png
global_goods4.png
global_goods5.png
global_goods6.png
starmap_noopen.png
starmap_light36.png

place002.png
place003.png
place004.png
place005.png
place008.png
place009.png
place101.png
place102.png
place103.png
place104.png
place105.png
place106.png
place107.png
place108.png
place109.png
place110.png
place111.png
place112.png
place113.png
place114.png
place115.png

map001.png
map003.png
map004.png
map005.png
map006.png
map007.png
map009.png
map010.png
map011.png
map012.png
map015.png
map017.png
map019.png
map023.png
map027.png
map030.png
map031.png
map202.png
map203.png
map204.png
map206.png
map207.png
map208.png
map210.png
map211.png
map212.png
map213.png
map214.png
map222.png
map236.png
map246.png
map288.png
map289.png
map290.png
map291.png
map292.png
map293.png
map294.png
map295.png
map296.png
map297.png
map298.png
map299.png
map300.png
map301.png
map302.png
map303_1.png
map303_2.png
map303_3.png
map303_4.png
map305.png
map306.png
map307.png
map308.png
map309.png
map310.png
map311.png
map312.png
map315.png
map316.png
map317.png
map318.png
map319.png
map320.png
map321.png
map322.png
map323.png
